Cartoons : Daily Comics|http://www.commerce.uct.ac.za/Services/Daily%20Comic%20Strips/rss_generator.asp|dailycomics
Cartoons : PhD Comics|http://www.phdcomics.com/gradfeed.php|phdcomics
Games : GameSpot All Games|http://rss.gamespot.com/misc/rss/gamespot_updates_all_games.xml|gamespotallgames
Games : GameSpot News|http://rss.gamespot.com/misc/rss/gamespot_updates_news.xml|gamespotnews
Games : GameSpot PS2|http://rss.gamespot.com/misc/rss/gamespot_updates_playstation_2.xml|gamespotps2
Games : GameSpot Reviews|http://rss.gamespot.com/misc/rss/gamespot_updates_reviews.xml|gamespotreviews
Games : SlashDot Games|http://rss.slashdot.org/Slashdot/slashdotGames|slashdotgames
News : Google News|http://news.google.co.za/?output=rss&ned=:ePkh8BM9E8JpByvQDgMWdFuqEgGSzAbN|googlenews
News : IOL Science|http://feeds.iol.co.za/rss/feed_science.rss|iolscience
News : IOL South Africa|http://feeds.iol.co.za/rss/feed_southafrica.rss|iolsa
News : IOL Sports|http://feeds.iol.co.za/rss/feed_sport.rss|iolsports
News : IOL Step Beyond|http://feeds.iol.co.za/rss/feed_stepbeyond.rss|iolstep
News : IOL Technology|http://feeds.iol.co.za/rss/feed_ioltech_home.rss|ioltechnology
News : IOL Tonight|http://feeds.iol.co.za/rss/feed_tonight.rss|ioltonight
News : IOL Top Stories|http://feeds.iol.co.za/rss/feed_topstories.rss|ioltopstories
News : IOL World News|http://feeds.iol.co.za/rss/feed_world.rss|iolworld
News : IOL|http://feeds.iol.co.za/rss/feed_news.rss|iolmain
News : News24 BackPage|http://www.news24.com/news24RSSFeed/0,,1343,00.xml|news24backpage
News : News24 South Africa|http://www.news24.com/news24RSSFeed/0,,7,00.xml|news24sa
News : News24|http://www.news24.com/news24RSSFeed/0,,2,00.xml|news24main
News : SlashDot IT|http://rss.slashdot.org/Slashdot/slashdotIt|slashdotit
